$ flutter pub get
Flutter assets will be downloaded from https://storage.flutter-io.cn. Make sure you trust this source!
Resolving dependencies...
Downloading packages...
  async 2.13.0 (2.13.1 available)
  characters 1.4.0 (1.4.1 available)
  flutter_lints 3.0.2 (6.0.0 available)
  leak_tracker 10.0.9 (11.0.2 available)
  leak_tracker_flutter_testing 3.0.9 (3.0.10 available)
  leak_tracker_testing 3.0.1 (3.0.2 available)
  lints 3.0.0 (6.1.0 available)
  matcher 0.12.17 (0.12.20 available)
  material_color_utilities 0.11.1 (0.13.0 available)
  meta 1.16.0 (1.19.0 available)
  source_span 1.10.1 (1.10.2 available)
  test_api 0.7.4 (0.7.13 available)
  vector_math 2.1.4 (2.4.2 available)
  vm_service 15.0.0 (15.2.0 available)
Got dependencies!
14 packages have newer versions incompatible with dependency constraints.
Try `flutter pub outdated` for more information.
Resolving dependencies in `.\example`...
Downloading packages...
Got dependencies in `.\example`.
EXIT_CODE=0
